[0.208s] DEBUG:colcon:Command line arguments: ['/usr/bin/colcon', 'list', '--base-paths', 'simulation_ws/src', 'ros2_ws/src']
[0.208s] DEBUG:colcon:Parsed command line arguments: Namespace(log_base=None, log_level=None, verb_name='list', build_base='build', ignore_user_meta=False, metas=['./colcon.meta'], base_paths=['simulation_ws/src', 'ros2_ws/src'], packages_ignore=None, packages_ignore_regex=None, paths=None, packages_up_to=None, packages_up_to_regex=None, packages_above=None, packages_above_and_dependencies=None, packages_above_depth=None, packages_select_by_dep=None, packages_skip_by_dep=None, packages_skip_up_to=None, packages_select_build_failed=False, packages_skip_build_finished=False, packages_select_test_failures=False, packages_skip_test_passed=False, packages_select=None, packages_skip=None, packages_select_regex=None, packages_skip_regex=None, packages_start=None, packages_end=None, allow_overriding=[], topological_order=False, names_only=False, paths_only=False, topological_graph=False, topological_graph_dot=False, topological_graph_density=False, topological_graph_legend=False, topological_graph_dot_cluster=False, topological_graph_dot_include_skipped=False, mixin_files=None, mixin=None, verb_parser=<colcon_mixin.mixin.mixin_argument.MixinArgumentDecorator object at 0x7524387b5730>, verb_extension=<colcon_package_information.verb.list.ListVerb object at 0x7524387b51f0>, main=<bound method ListVerb.main of <colcon_package_information.verb.list.ListVerb object at 0x7524387b51f0>>, mixin_verb=('list',))
[0.264s] Level 1:colcon.colcon_core.package_discovery:discover_packages(colcon_meta) check parameters
[0.264s] Level 1:colcon.colcon_core.package_discovery:discover_packages(recursive) check parameters
[0.264s] Level 1:colcon.colcon_core.package_discovery:discover_packages(ignore) check parameters
[0.264s] Level 1:colcon.colcon_core.package_discovery:discover_packages(path) check parameters
[0.264s] Level 1:colcon.colcon_core.package_discovery:discover_packages(recursive) discover
[0.264s] INFO:colcon.colcon_core.package_discovery:Crawling recursively for packages in '/home/guanlin/racecar_sim/simulation_ws/src', '/home/guanlin/racecar_sim/ros2_ws/src'
[0.264s] Level 1:colcon.colcon_core.package_identification:_identify(simulation_ws/src) by extensions ['ignore', 'ignore_ament_install']
[0.264s] Level 1:colcon.colcon_core.package_identification:_identify(simulation_ws/src) by extension 'ignore'
[0.265s] Level 1:colcon.colcon_core.package_identification:_identify(simulation_ws/src) by extension 'ignore_ament_install'
[0.265s] Level 1:colcon.colcon_core.package_identification:_identify(simulation_ws/src) by extensions ['colcon_pkg']
[0.265s] Level 1:colcon.colcon_core.package_identification:_identify(simulation_ws/src) by extension 'colcon_pkg'
[0.265s] Level 1:colcon.colcon_core.package_identification:_identify(simulation_ws/src) by extensions ['colcon_meta']
[0.265s] Level 1:colcon.colcon_core.package_identification:_identify(simulation_ws/src) by extension 'colcon_meta'
[0.265s] Level 1:colcon.colcon_core.package_identification:_identify(simulation_ws/src) by extensions ['ros']
[0.265s] Level 1:colcon.colcon_core.package_identification:_identify(simulation_ws/src) by extension 'ros'
[0.295s] Level 1:colcon.colcon_core.package_identification:_identify(simulation_ws/src) by extensions ['cmake', 'python']
[0.296s] Level 1:colcon.colcon_core.package_identification:_identify(simulation_ws/src) by extension 'cmake'
[0.296s] Level 1:colcon.colcon_core.package_identification:_identify(simulation_ws/src) by extension 'python'
[0.296s] Level 1:colcon.colcon_core.package_identification:_identify(simulation_ws/src) by extensions ['python_setup_py']
[0.296s] Level 1:colcon.colcon_core.package_identification:_identify(simulation_ws/src) by extension 'python_setup_py'
[0.296s] Level 1:colcon.colcon_core.package_identification:_identify(simulation_ws/src/racecar_description) by extensions ['ignore', 'ignore_ament_install']
[0.296s] Level 1:colcon.colcon_core.package_identification:_identify(simulation_ws/src/racecar_description) by extension 'ignore'
[0.296s] Level 1:colcon.colcon_core.package_identification:_identify(simulation_ws/src/racecar_description) by extension 'ignore_ament_install'
[0.296s] Level 1:colcon.colcon_core.package_identification:_identify(simulation_ws/src/racecar_description) by extensions ['colcon_pkg']
[0.296s] Level 1:colcon.colcon_core.package_identification:_identify(simulation_ws/src/racecar_description) by extension 'colcon_pkg'
[0.296s] Level 1:colcon.colcon_core.package_identification:_identify(simulation_ws/src/racecar_description) by extensions ['colcon_meta']
[0.296s] Level 1:colcon.colcon_core.package_identification:_identify(simulation_ws/src/racecar_description) by extension 'colcon_meta'
[0.296s] Level 1:colcon.colcon_core.package_identification:_identify(simulation_ws/src/racecar_description) by extensions ['ros']
[0.296s] Level 1:colcon.colcon_core.package_identification:_identify(simulation_ws/src/racecar_description) by extension 'ros'
[0.299s] DEBUG:colcon.colcon_core.package_identification:Package 'simulation_ws/src/racecar_description' with type 'ros.ament_cmake' and name 'racecar_description'
[0.299s] Level 1:colcon.colcon_core.package_identification:_identify(simulation_ws/src/racecar_gazebo) by extensions ['ignore', 'ignore_ament_install']
[0.299s] Level 1:colcon.colcon_core.package_identification:_identify(simulation_ws/src/racecar_gazebo) by extension 'ignore'
[0.299s] Level 1:colcon.colcon_core.package_identification:_identify(simulation_ws/src/racecar_gazebo) by extension 'ignore_ament_install'
[0.299s] Level 1:colcon.colcon_core.package_identification:_identify(simulation_ws/src/racecar_gazebo) by extensions ['colcon_pkg']
[0.299s] Level 1:colcon.colcon_core.package_identification:_identify(simulation_ws/src/racecar_gazebo) by extension 'colcon_pkg'
[0.299s] Level 1:colcon.colcon_core.package_identification:_identify(simulation_ws/src/racecar_gazebo) by extensions ['colcon_meta']
[0.299s] Level 1:colcon.colcon_core.package_identification:_identify(simulation_ws/src/racecar_gazebo) by extension 'colcon_meta'
[0.299s] Level 1:colcon.colcon_core.package_identification:_identify(simulation_ws/src/racecar_gazebo) by extensions ['ros']
[0.299s] Level 1:colcon.colcon_core.package_identification:_identify(simulation_ws/src/racecar_gazebo) by extension 'ros'
[0.300s] DEBUG:colcon.colcon_core.package_identification:Package 'simulation_ws/src/racecar_gazebo' with type 'ros.ament_cmake' and name 'racecar_gazebo'
[0.300s] Level 1:colcon.colcon_core.package_identification:_identify(ros2_ws/src) by extensions ['ignore', 'ignore_ament_install']
[0.300s] Level 1:colcon.colcon_core.package_identification:_identify(ros2_ws/src) by extension 'ignore'
[0.300s] Level 1:colcon.colcon_core.package_identification:_identify(ros2_ws/src) by extension 'ignore_ament_install'
[0.300s] Level 1:colcon.colcon_core.package_identification:_identify(ros2_ws/src) by extensions ['colcon_pkg']
[0.300s] Level 1:colcon.colcon_core.package_identification:_identify(ros2_ws/src) by extension 'colcon_pkg'
[0.300s] Level 1:colcon.colcon_core.package_identification:_identify(ros2_ws/src) by extensions ['colcon_meta']
[0.300s] Level 1:colcon.colcon_core.package_identification:_identify(ros2_ws/src) by extension 'colcon_meta'
[0.300s] Level 1:colcon.colcon_core.package_identification:_identify(ros2_ws/src) by extensions ['ros']
[0.300s] Level 1:colcon.colcon_core.package_identification:_identify(ros2_ws/src) by extension 'ros'
[0.300s] Level 1:colcon.colcon_core.package_identification:_identify(ros2_ws/src) by extensions ['cmake', 'python']
[0.300s] Level 1:colcon.colcon_core.package_identification:_identify(ros2_ws/src) by extension 'cmake'
[0.300s] Level 1:colcon.colcon_core.package_identification:_identify(ros2_ws/src) by extension 'python'
[0.300s] Level 1:colcon.colcon_core.package_identification:_identify(ros2_ws/src) by extensions ['python_setup_py']
[0.300s] Level 1:colcon.colcon_core.package_identification:_identify(ros2_ws/src) by extension 'python_setup_py'
[0.300s] Level 1:colcon.colcon_core.package_identification:_identify(ros2_ws/src/fast_ground_segmenter) by extensions ['ignore', 'ignore_ament_install']
[0.300s] Level 1:colcon.colcon_core.package_identification:_identify(ros2_ws/src/fast_ground_segmenter) by extension 'ignore'
[0.300s] Level 1:colcon.colcon_core.package_identification:_identify(ros2_ws/src/fast_ground_segmenter) by extension 'ignore_ament_install'
[0.300s] Level 1:colcon.colcon_core.package_identification:_identify(ros2_ws/src/fast_ground_segmenter) by extensions ['colcon_pkg']
[0.300s] Level 1:colcon.colcon_core.package_identification:_identify(ros2_ws/src/fast_ground_segmenter) by extension 'colcon_pkg'
[0.300s] Level 1:colcon.colcon_core.package_identification:_identify(ros2_ws/src/fast_ground_segmenter) by extensions ['colcon_meta']
[0.300s] Level 1:colcon.colcon_core.package_identification:_identify(ros2_ws/src/fast_ground_segmenter) by extension 'colcon_meta'
[0.300s] Level 1:colcon.colcon_core.package_identification:_identify(ros2_ws/src/fast_ground_segmenter) by extensions ['ros']
[0.300s] Level 1:colcon.colcon_core.package_identification:_identify(ros2_ws/src/fast_ground_segmenter) by extension 'ros'
[0.301s] DEBUG:colcon.colcon_core.package_identification:Package 'ros2_ws/src/fast_ground_segmenter' with type 'ros.ament_cmake' and name 'fast_ground_segmenter'
[0.301s] Level 1:colcon.colcon_core.package_discovery:discover_packages(recursive) using defaults
